     1                                 %line 1+1 assignment4.s
     2                                 
     3                                 
     4                                 
     5                                 [section .data]
     6                                 
     7 00000000 4A190200               s0: dd 137546
     8 00000004 D9020000               s1: dd 729
     9                                 
    10 00000008 00000000               buffer: dd 0
    11                                 
    12                                 [section .text]
    13                                 
    14                                 [global _start]
    15                                 _start:
    16                                 
    17 00000000 55                      push rbp
    18 00000001 4889E5                  mov rbp, rsp
    19                                 
    20                                 .loop:
    21 00000004 E833000000              call next
    22 00000009 890425[00000000]        mov dword[buffer], eax
    23                                 
    24 00000010 48C7C001000000          mov rax, 1
    25 00000017 48C7C701000000          mov rdi, 1
    26 0000001E 48C7C6[00000000]        mov rsi, buffer
    27 00000025 48C7C204000000          mov rdx, 4
    28 0000002C 0F05                    syscall
    29                                 
    30 0000002E EBD2                    jmp .loop
    31                                 
    32 00000030 5D                      pop rbp
    33                                 
    34 00000031 48C7C03C000000          mov rax, 60
    35 00000038 48C7C700000000          mov rdi, 0
    36 0000003F 0F05                    syscall
    37                                 
    38                                 next:
    39                                 
    40                                 
    41 00000041 8B0425[00000000]        mov eax, dword[s0]
    42 00000048 8B1C25[00000000]        mov ebx, dword[s1]
    43                                 
    44 0000004F 41B8BB79379E            mov r8d, 0x9E3779BB
    45                                 
    46 00000055 89C1                    mov ecx, eax
    47 00000057 410FAFC8                imul ecx, r8d
    48 0000005B C1C105                  rol ecx, 5
    49 0000005E 6BC905                  imul ecx, 5
    50 00000061 890C25[00000000]        mov dword[buffer], ecx
    51                                 
    52 00000068 31C3                    xor ebx, eax
    53                                 
    54                                 
    55 0000006A C1C01A                  rol eax, 26
    56 0000006D 31D8                    xor eax, ebx
    57 0000006F C1E309                  shl ebx, 9
    58 00000072 31D8                    xor eax, ebx
    59 00000074 890425[00000000]        mov dword[s0], eax
    60                                 
    61                                 
    62 0000007B C1C30D                  rol ebx, 13
    63 0000007E 891C25[00000000]        mov dword[s1], ebx
    64                                 
    65                                 
    66                                 
    67                                 
    68 00000085 8B0425[00000000]        mov eax, dword[buffer]
    69                                 
    70 0000008C C3                      ret
